// Jest Snapshot v1, https://goo.gl/fbAQLP

exports[`v4 "scaleUp" option should not skip original size: result 1`] = `"d54b9cb29bdbebfb70ded5bf57eddfe8.jpeg 2912w"`;

exports[`v4 "scaleUp" option should skip greater size: result 1`] = `"d54b9cb29bdbebfb70ded5bf57eddfe8.jpeg 1x"`;

exports[`v4 "scaleUp" option should work with true: result 1`] = `"2ae9963c8661bd3ae23e25623a3867d1.jpeg 2913w"`;

exports[`v5 "scaleUp" option should not skip original size: result 1`] = `"d54b9cb29bdbebfb70ded5bf57eddfe8.jpeg 2912w"`;

exports[`v5 "scaleUp" option should skip greater size: result 1`] = `"d54b9cb29bdbebfb70ded5bf57eddfe8.jpeg 1x"`;

exports[`v5 "scaleUp" option should work with true: result 1`] = `"2ae9963c8661bd3ae23e25623a3867d1.jpeg 2913w"`;
