// Jest Snapshot v1, https://goo.gl/fbAQLP

exports[`v4 "sizes" option should work with ["1x", "2x"]: result 1`] = `"d239527787342bfc48e0342a4aa92805.jpeg 1x, d54b9cb29bdbebfb70ded5bf57eddfe8.jpeg 2x"`;

exports[`v4 "sizes" option should work with ["1x", "300w", "original", "2x"]: result 1`] = `"d239527787342bfc48e0342a4aa92805.jpeg 1x, f53638a98e0ceb9f35bc7a917eb94986.jpeg 300w, d54b9cb29bdbebfb70ded5bf57eddfe8.jpeg, d54b9cb29bdbebfb70ded5bf57eddfe8.jpeg 2x"`;

exports[`v4 "sizes" option should work with ["2x"]: result 1`] = `"d54b9cb29bdbebfb70ded5bf57eddfe8.jpeg 2x"`;

exports[`v4 "sizes" option should work with ["300w"]: result 1`] = `"f53638a98e0ceb9f35bc7a917eb94986.jpeg 300w"`;

exports[`v4 "sizes" option should work with ["original"]: result 1`] = `"d54b9cb29bdbebfb70ded5bf57eddfe8.jpeg"`;

exports[`v4 "sizes" option should work with empty array: result 1`] = `""`;

exports[`v5 "sizes" option should work with ["1x", "2x"]: result 1`] = `"d239527787342bfc48e0342a4aa92805.jpeg 1x, d54b9cb29bdbebfb70ded5bf57eddfe8.jpeg 2x"`;

exports[`v5 "sizes" option should work with ["1x", "300w", "original", "2x"]: result 1`] = `"d239527787342bfc48e0342a4aa92805.jpeg 1x, f53638a98e0ceb9f35bc7a917eb94986.jpeg 300w, d54b9cb29bdbebfb70ded5bf57eddfe8.jpeg, d54b9cb29bdbebfb70ded5bf57eddfe8.jpeg 2x"`;

exports[`v5 "sizes" option should work with ["2x"]: result 1`] = `"d54b9cb29bdbebfb70ded5bf57eddfe8.jpeg 2x"`;

exports[`v5 "sizes" option should work with ["300w"]: result 1`] = `"f53638a98e0ceb9f35bc7a917eb94986.jpeg 300w"`;

exports[`v5 "sizes" option should work with ["original"]: result 1`] = `"d54b9cb29bdbebfb70ded5bf57eddfe8.jpeg"`;

exports[`v5 "sizes" option should work with empty array: result 1`] = `""`;
